<?xml version="1.0" encoding="UTF-8"?><!DOCTYPE casperjs PUBLIC "-//CasperJS//XUnit Test Results" "testsuites"><testsuites time="123"><testsuite name="Basic Site Testing With Includes" tests="1" failures="0" errors="0" time="123" timestamp="123" package="test/fixtures/includes/testIncludes"><testcase name="testFunction-assertion" classname="STRIPPED" time="123"/><system-out><![CDATA[]]></system-out></testsuite></testsuites>